3
1 3 6 

1
1 

Not Found

2
3 5 

2
2 6 

3
2 3 7 

Not Found

Not Found

2
2 6 

1
2 

