Not Found

Not Found

1
28 

5
41 49 54 63 72 

Not Found

Not Found

Not Found

Not Found

Not Found

1
21 

1
1 

4
31 52 59 66 

4
37 75 82 85 

Not Found

1
31 

