ayazazayazbzazayazayazaybzbzbzayayazazayazbzayazbz
byaybzazazazazbzayayazbyazazazazbyazayayazbzazbzaz
azayayazazaybzazaybzazbzbzazayazazbzazazaybzbybyb
bzayazazbzazayazazazazbzbybzbybyaybzazaybzbzazayay
azazazazazayazbzazazayazbzazazazazazbzbzazbzbzaya
azazazazazayazazazazayazbzayazazayazazazbzazazaz
azazazaybzaybyazazazazazazbzazazazazayayayazbzbz
ayayazazazazazayazazbzazbybzbzayazbzazayazazbyayaz
azbzazbzazazbzazazbzazbzbzazazazaybzazbzazazayaz
aybzazazazazayazazazazayazbzayazazaybzazayaybzazby
bzbzbzayazazayazazazaybybzaybzbyazazazazazazazaz
byazazaybyazbzazazayazbzazbzaybyaybzazayazazbzaza
byayazbzazazbyazbzbzazazazazayayazazayazazazazazay
azazayazayazbzazazazazaybzazbzazazbyazaybyayayazby
bzayazazazbzazbzazazazazaybzazazayaybzazazazazbz
byazazaybzazazayazbzazazazazazbybzbzazazazayazayb
ayazazazazazazayazazazbzazayazbzazazazbzazbzazaz
azazazazazazayazazbzazazazazazazbyazazazbzbyayaya
azbzazayazazbyazazazbzazazazazbyazazazazbzazazaza
azbzazazbzbzazazazazazazbzazazbzazazaybyazazbzbzaz
ayayazazayazazazbzbyazazazazazazazbzazayazbzaybza
azazbzazbzazayayazazazazbzbzbzazazbzazbzazazazazaz
ayazazazazazbzayazaybyazbzbybzazbzbyazayazbzazaz
azazazbybzbzayazbzazazazazazayazazazbzbzazazazazb
azbzbzayazayazbyazbzbzazbzazazbzaybzazayazbzazaz
azazbzbybzazayazazazazazazazayazazazazazayayazaya
bzazazbzazazazazazbzazayayazazazazbyazazbzazaybyby
azayazbzazazayazayazbzazayayazbzazbzbzazayazazby
ayayayazazazazaybzazazazazazayayazbyazbzazazbzbzaz
byazazbzazbzazayazbzazazbzazbybzazbzbzazazayazayb
bzbzazbyazazaybzbzbzazazazaybzbybzazazbzaybzayazay
azbzazazazbyazazayazayazayayazbybyazazbzayazazbybz
ayayazbzbzayazaybzazaybzazayazayazazbyazazazbzay
byazbzbzazaybzazayazazbzbzbzazbzazazazazazazazaz
bzazbzbybyazazayazazazaybzayazazazayazazazayazazbz
azazbzazazbzazazayazayazazayaybyazayazbyazazazbya
azazazayazbyazazayayayazazayazazayazazazaybzazbza
ayayazbzayaybzazazazaybzazazaybzazazbybzayazayaya
ayayayazayazaybzazbzazazazazbzazazazbzayazazbzaza
azayazbzazazazbzbzbyazazbzazayazayazaybybzbzazaybz
azazayazayazazazazazayazazazazbzazazazayazbzazazbz
azbzazbyazazbyazazazbzazbzazbzbzazaybzbzazazazaza
ayayazazazazazazazazazayazazazazazbzbzayayazazaya
azayazayazayazayazazbzayazbzazaybzbyazbzazbzayazay
azazbybzayazazazazayazayazayazbzazazayazazayazazaz
byazazayazazbyazbyazazazbzazazbzazazbzazbybzbzaz
ayazayazazazayazazazazbzayayazazazazbzazazayazazaz
azazazazbzazbyaybzbzazbyazazazazazazazazazazbzaza
aybzazazayazazazazazbzayayayazayayazayayazazayaza
azbzaybzbzazayazbzazazaybzaybzazazazazazayazazaz
ayazbyayaybzazazazayazazazbybzbzazbyazaybzazazbzaz
azazazazbzazazazazazazazazbzazazbyazbzayazazazaz
azayazbzazbzazbyazayayazazbzazazazazazaybzazazaz
azazbzazbyayazayazayazazazazazayazbyayazazazazaza
byaybzazbzbzazazazbzazbzbzbzazazazazazazazazazaz
azbyazazayazayazazazazbzazazazazazbzbzbzbyazayby
aybyazazazaybzazazbzazbzayayazayazbzazazayazaybzby
azbzayazazazayayazazazazayazazayazazayazazazazaza
ayazazazayaybzbzazayayazbyazazazazazazbzazbzbzaz
azazazbzbzazbzbyazbyazayazbzazbyazayayazbzazayaza
ayazazazazayazazbyazbzazazazayazbzazbzazazazazaza
azazazazazazayaybybzazbzayazazayaybzbzayayazayazay
azazazazbzazayazbyazbyazbyazazazazazazazayazayaza
azazazazazazazayazayazayazazazbzazazbyayazazazazbz
azbyazaybybzazazazazazbzazazbyazayazbzazazazbyazay
azazbzbzazayazazazazazazazayazazazazayazazbzazbza
byazazazbzazazazbyazazayazazbzaybzazazazazazayaza
bzazbzbzazayayazbzbzazazbyayaybzazazazbyazazaybza
azayazayazazazazbzazbzayayazazayazazayazazazaybz
azbzazayazazazbzazayazbzaybybzayazazbyazbzayazaza
ayazazayazazazazazazbzayazazazayazazbzazazazazaza
bzbyayazazazazazazayazaybzaybyazazbzayazazbzazby
azbybzazayazazbzazayazazbzazazazbzazazazayazazaz
bzazazaybzazazazazazazbzbzazazbzazazayazbyazayazby
azazazbzazazayayazayaybzaybzazayazbyazazazazazazb
azbzazayazayazayazbzazazbzayazazbzbzazazbzazazazay
azazazazazazazazazazazazazbybyazaybzbzazazazbzaz
azaybzazazaybzazazaybyazazazayayazbzazayaybzazaz
bzazazayazbzazbzbzazayazbzayazazbyazazbzazazazaz
azazazazbzazbzaybzazbzaybzayayayazazazbzayazazbza
ayayayazayaybzbzazayazazbzayazbzbzazbzazazazazaz
azazazazbzazazayazazazazazbzazbyazbzazazazaybyazaz
azazbzazazazazazbzazazazazaybzbzbzazazazbyayazazaz
azbzayazayayazazbzazazazazazazayayazazazbzayazbzaz
bzayazazazayazazazbzayazazazayazazayaybzayazbzbza
azazazazazayazazazazbyazazazbyazbzazazazbzazazaza
azazazayazazbzayazazayazbzbzazaybzazayazazbyayaya
azazazbzazazazbzazbzbyazazazazazazazazayazazazaya
azbzbyazbyayazazazbzayazazaybzazayazazazazayazaza
azayazazbzaybyazbzazayayazbzazayayaybzazazbzazaz
azazbzayazbzazazazbyazazazbzazbzbzayazbyazbyazbzaz
bzazazbzazazazayazazbzazazayazbzazazbzazbyazazay
bzbybyazaybzazbzbzazazazazayazazbzaybzazazazazazb
bzazazazayazazayazazazazazazazazazazazazbzbzazazaz
bzazaybzbzayazaybyazazazazazayazazaybzayazazbzbz
azazbzbzazbzazazazazazazbzazazbzazazazbzazbyazayay
azazbzazazayayayayazazazazazazazazazayayazazazazaz
azazbyayazbzazazbzazbzbzazazazazayazbzazazazayazb
azazayaybzbzbzayazazazazazazayazazbyazayazayazayaz
azazazazbzazazbzazazazbzbzaybzayazazbzbzazaybzaz
